// Jest Snapshot v1, https://goo.gl/fbAQLP

exports[`react.input snapshot tests matches snapshot when done 1`] = `
<div>
  Yokto: 
  Some content
  <br />
  id: 
  someId
</div>
`;
