// Jest Snapshot v1, https://goo.gl/fbAQLP

exports[`renders correctly 1`] = `
<div>
  <div>
    Nano:
    <div>
      Yokto: 
      This is content!
    </div>
  </div>
</div>
`;
